// ignore_for_file: type=lint
import 'package:protoc_gen_dart_unified/src/runtime/transport.dart';
import 'package:protoc_gen_dart_unified/src/runtime/client_options.dart';
import 'package:protoc_gen_dart_unified/src/runtime/transport_factory.dart';
import '../user.pb.dart';

abstract class UserService {
  Future<User> getUser(GetUserRequest request);
  Future<User> createUser(CreateUserRequest request);
}

class UnifiedUserService implements UserService {
  UnifiedUserService(this._transport, this._interceptors);

  final Transport _transport;

  final List<RpcInterceptor> _interceptors;

  @override
  Future<User> getUser(GetUserRequest request) async {
    final context = InterceptorContext(
      serviceName: 'UserService',
      methodName: 'getUser',
      request: request,
      options: RpcCallOptions(
        httpMethod: 'get',
        httpPath: '/v1/users/${request.id}',
      ),
    );

    Future<User> call(InterceptorContext ctx) async {
      return await _transport.unaryCall<User>(
        'UserService',
        'getUser',
        request,
        options: ctx.options,
      );
    }

    if (_interceptors.isEmpty) {
      return call(context);
    }

    // Build the interceptor chain
    var chain = call;
    for (var i = _interceptors.length - 1; i >= 0; i--) {
      final interceptor = _interceptors[i];
      final next = chain;
      chain = (ctx) => interceptor.intercept(ctx, next);
    }
    return chain(context);
  }

  @override
  Future<User> createUser(CreateUserRequest request) async {
    final context = InterceptorContext(
      serviceName: 'UserService',
      methodName: 'createUser',
      request: request,
      options: RpcCallOptions(
        httpMethod: 'post',
        httpPath: '/v1/users',
        httpBody: request.toProto3Json(),
      ),
    );

    Future<User> call(InterceptorContext ctx) async {
      return await _transport.unaryCall<User>(
        'UserService',
        'createUser',
        request,
        options: ctx.options,
      );
    }

    if (_interceptors.isEmpty) {
      return call(context);
    }

    // Build the interceptor chain
    var chain = call;
    for (var i = _interceptors.length - 1; i >= 0; i--) {
      final interceptor = _interceptors[i];
      final next = chain;
      chain = (ctx) => interceptor.intercept(ctx, next);
    }
    return chain(context);
  }
}

class ApiSdk {
  ApiSdk({
    required ClientOptions options,
    List<RpcInterceptor> extraInterceptors = const [],
  }) {
    final _chain = options.buildInterceptorChain() + extraInterceptors;
    userService = UnifiedUserService(
      createTransport(options.endpoint)!,
      _chain,
    );
  }

  late UserService userService;
}
